[2026-07-05T01:33:32] [INFO] [Perf|SaveManager] save_game took 32.00ms | {"duration_ms":32.0,"operation":"save_game"}
